Hello from ELIN file I/O!Hello from ELIN file I/O!Hello from ELIN file I/O!Hello from ELIN file I/O!Hello from ELIN file I/O!Hello from ELIN file I/O!